###############################################################################
#
# IAR ELF Linker V9.10.2.313/W64 for ARM                  29/Jun/2021  05:22:15
# Copyright 2007-2021 IAR Systems AB.
#
#    Output file  =
#        D:\UTFPR\Microcontroladores\ParteII\LAB1\TM4C1294_SM_IAR9\Projects\Laboratorio1\Debug\Exe\Laboratorio1.out
#    Map file     =
#        D:\UTFPR\Microcontroladores\ParteII\LAB1\TM4C1294_SM_IAR9\Projects\Laboratorio1\Debug\List\Laboratorio1.map
#    Command line =
#        -f
#        D:\UTFPR\Microcontroladores\ParteII\LAB1\TM4C1294_SM_IAR9\Projects\Laboratorio1\Debug\Exe\Laboratorio1.out.rsp
#        (D:\UTFPR\Microcontroladores\ParteII\LAB1\TM4C1294_SM_IAR9\Projects\Laboratorio1\Debug\Obj\asm.o
#        --no_out_extension -o
#        D:\UTFPR\Microcontroladores\ParteII\LAB1\TM4C1294_SM_IAR9\Projects\Laboratorio1\Debug\Exe\Laboratorio1.out
#        --redirect _Printf=_PrintfFullNoMb --redirect _Scanf=_ScanfFullNoMb
#        --map
#        D:\UTFPR\Microcontroladores\ParteII\LAB1\TM4C1294_SM_IAR9\Projects\Laboratorio1\Debug\List\Laboratorio1.map
#        --config "C:\Program Files\IAR Systems\Embedded Workbench
#        9.0\arm\CONFIG\generic_cortex.icf" --semihosting --no_library_search
#        --entry __iar_program_start --vfe --text_out locale)
#
###############################################################################

*******************************************************************************
*** PLACEMENT SUMMARY
***

"A0":  place at address 0x0 { ro section .intvec };
"P1":  place in [from 0x0 to 0x7'ffff] { ro };
define block CSTACK with size = 1K, alignment = 8 { };
define block PROC_STACK with size = 0, alignment = 8 { };
define block HEAP with size = 2K, alignment = 8 { };
"P2":  place in [from 0x2000'0000 to 0x2000'ffff] {
          rw, block CSTACK, block PROC_STACK, block HEAP };

No sections matched the following patterns:

  rw  in "P2"


  Section   Kind         Address   Size  Object
  -------   ----         -------   ----  ------
"A0":                              0x40
  .intvec   ro code          0x0   0x40  asm.o [1]
                          - 0x40   0x40

"P1":                              0x44
  .text     ro code         0x40   0x42  asm.o [1]
  .text     ro code         0x82    0x2  asm.o [1]
                          - 0x84   0x44

"P2":                             0x400
  CSTACK             0x2000'0000  0x400  <Block>
    CSTACK  uninit   0x2000'0000  0x400  <Block tail>
                   - 0x2000'0400  0x400

Unused ranges:

         From           To      Size
         ----           --      ----
         0x84     0x7'ffff  0x7'ff7c
  0x2000'0400  0x2000'ffff    0xfc00



*******************************************************************************
*** MODULE SUMMARY
***

    Module          ro code  rw data
    ------          -------  -------
command line/config:
    --------------------------------
    Total:

D:\UTFPR\Microcontroladores\ParteII\LAB1\TM4C1294_SM_IAR9\Projects\Laboratorio1\Debug\Obj: [1]
    asm.o               132
    --------------------------------
    Total:              132

    Linker created             1'024
------------------------------------
    Grand Total:        132    1'024


*******************************************************************************
*** ENTRY LIST
***

Entry                    Address  Size  Type      Object
-----                    -------  ----  ----      ------
CSTACK$$Base         0x2000'0000         --   Gb  - Linker created -
CSTACK$$Limit        0x2000'0400         --   Gb  - Linker created -
__iar_program_start         0x41        Code  Gb  asm.o [1]
__vector_table               0x0        Data  Gb  asm.o [1]


[1] = D:\UTFPR\Microcontroladores\ParteII\LAB1\TM4C1294_SM_IAR9\Projects\Laboratorio1\Debug\Obj

    132 bytes of readonly  code memory
  1'024 bytes of readwrite data memory

Errors: none
Warnings: none
